core::slice::ChunksExact::remainder: status=ok r0_z3=unsat dir=verification/evidence/slice_feedback_determinism/all-20260811T1008Z-flattened-mut-source-backed/core__slice__ChunksExact__remainder
core::slice::ChunksExactMut::into_remainder: status=ok r0_z3=unsat dir=verification/evidence/slice_feedback_determinism/all-20260811T1008Z-flattened-mut-source-backed/core__slice__ChunksExactMut__into_remainder
core::slice::Iter::as_slice: status=ok r0_z3=unsat dir=verification/evidence/slice_feedback_determinism/all-20260811T1008Z-flattened-mut-source-backed/core__slice__Iter__as_slice
core::slice::IterMut::as_slice: status=ok r0_z3=unsat dir=verification/evidence/slice_feedback_determinism/all-20260811T1008Z-flattened-mut-source-backed/core__slice__IterMut__as_slice
core::slice::IterMut::into_slice: status=ok r0_z3=unsat dir=verification/evidence/slice_feedback_determinism/all-20260811T1008Z-flattened-mut-source-backed/core__slice__IterMut__into_slice
core::slice::RChunksExact::remainder: status=ok r0_z3=unsat dir=verification/evidence/slice_feedback_determinism/all-20260811T1008Z-flattened-mut-source-backed/core__slice__RChunksExact__remainder
core::slice::RChunksExactMut::into_remainder: status=ok r0_z3=unsat dir=verification/evidence/slice_feedback_determinism/all-20260811T1008Z-flattened-mut-source-backed/core__slice__RChunksExactMut__into_remainder
core::slice::align_to: status=ok r0_z3=unknown dir=verification/evidence/slice_feedback_determinism/all-20260811T1008Z-flattened-mut-source-backed/core__slice__align_to
core::slice::align_to_mut: status=ok r0_z3=unknown dir=verification/evidence/slice_feedback_determinism/all-20260811T1008Z-flattened-mut-source-backed/core__slice__align_to_mut
core::slice::array_windows: status=ok r0_z3=unsat dir=verification/evidence/slice_feedback_determinism/all-20260811T1008Z-flattened-mut-source-backed/core__slice__array_windows
core::slice::as_array: status=ok r0_z3=unsat dir=verification/evidence/slice_feedback_determinism/all-20260811T1008Z-flattened-mut-source-backed/core__slice__as_array
core::slice::as_chunks: status=ok r0_z3=unknown dir=verification/evidence/slice_feedback_determinism/all-20260811T1008Z-flattened-mut-source-backed/core__slice__as_chunks
core::slice::as_chunks_mut: status=ok r0_z3=unknown dir=verification/evidence/slice_feedback_determinism/all-20260811T1008Z-flattened-mut-source-backed/core__slice__as_chunks_mut
core::slice::as_chunks_unchecked: status=ok r0_z3=unknown dir=verification/evidence/slice_feedback_determinism/all-20260811T1008Z-flattened-mut-source-backed/core__slice__as_chunks_unchecked
core::slice::as_chunks_unchecked_mut: status=ok r0_z3=unknown dir=verification/evidence/slice_feedback_determinism/all-20260811T1008Z-flattened-mut-source-backed/core__slice__as_chunks_unchecked_mut
core::slice::as_flattened: status=ok r0_z3=unsat dir=verification/evidence/slice_feedback_determinism/all-20260811T1008Z-flattened-mut-source-backed/core__slice__as_flattened
core::slice::as_flattened_mut: status=ok r0_z3=unknown dir=verification/evidence/slice_feedback_determinism/all-20260811T1008Z-flattened-mut-source-backed/core__slice__as_flattened_mut
core::slice::as_mut_array: status=ok r0_z3=unknown dir=verification/evidence/slice_feedback_determinism/all-20260811T1008Z-flattened-mut-source-backed/core__slice__as_mut_array
core::slice::as_mut_ptr: status=ok r0_z3=unknown dir=verification/evidence/slice_feedback_determinism/all-20260811T1008Z-flattened-mut-source-backed/core__slice__as_mut_ptr
core::slice::as_mut_ptr_range: status=ok r0_z3=unknown dir=verification/evidence/slice_feedback_determinism/all-20260811T1008Z-flattened-mut-source-backed/core__slice__as_mut_ptr_range
core::slice::as_ptr: status=ok r0_z3=unknown dir=verification/evidence/slice_feedback_determinism/all-20260811T1008Z-flattened-mut-source-backed/core__slice__as_ptr
core::slice::as_ptr_range: status=ok r0_z3=unknown dir=verification/evidence/slice_feedback_determinism/all-20260811T1008Z-flattened-mut-source-backed/core__slice__as_ptr_range
core::slice::as_rchunks: status=ok r0_z3=unknown dir=verification/evidence/slice_feedback_determinism/all-20260811T1008Z-flattened-mut-source-backed/core__slice__as_rchunks
core::slice::as_rchunks_mut: status=ok r0_z3=unknown dir=verification/evidence/slice_feedback_determinism/all-20260811T1008Z-flattened-mut-source-backed/core__slice__as_rchunks_mut
core::slice::assume_init_drop: status=ok r0_z3=unknown dir=verification/evidence/slice_feedback_determinism/all-20260811T1008Z-flattened-mut-source-backed/core__slice__assume_init_drop
core::slice::assume_init_mut: status=ok r0_z3=unknown dir=verification/evidence/slice_feedback_determinism/all-20260811T1008Z-flattened-mut-source-backed/core__slice__assume_init_mut
core::slice::assume_init_ref: status=ok r0_z3=unsat dir=verification/evidence/slice_feedback_determinism/all-20260811T1008Z-flattened-mut-source-backed/core__slice__assume_init_ref
core::slice::binary_search: status=ok r0_z3=unknown dir=verification/evidence/slice_feedback_determinism/all-20260811T1008Z-flattened-mut-source-backed/core__slice__binary_search
core::slice::binary_search_by: status=ok r0_z3=unknown dir=verification/evidence/slice_feedback_determinism/all-20260811T1008Z-flattened-mut-source-backed/core__slice__binary_search_by
core::slice::binary_search_by_key: status=ok r0_z3=unknown dir=verification/evidence/slice_feedback_determinism/all-20260811T1008Z-flattened-mut-source-backed/core__slice__binary_search_by_key
core::slice::chunk_by: status=ok r0_z3=unknown dir=verification/evidence/slice_feedback_determinism/all-20260811T1008Z-flattened-mut-source-backed/core__slice__chunk_by
core::slice::chunk_by_mut: status=ok r0_z3=unknown dir=verification/evidence/slice_feedback_determinism/all-20260811T1008Z-flattened-mut-source-backed/core__slice__chunk_by_mut
core::slice::chunks: status=ok r0_z3=unsat dir=verification/evidence/slice_feedback_determinism/all-20260811T1008Z-flattened-mut-source-backed/core__slice__chunks
core::slice::chunks_exact: status=ok r0_z3=unsat dir=verification/evidence/slice_feedback_determinism/all-20260811T1008Z-flattened-mut-source-backed/core__slice__chunks_exact
core::slice::chunks_exact_mut: status=ok r0_z3=unsat dir=verification/evidence/slice_feedback_determinism/all-20260811T1008Z-flattened-mut-source-backed/core__slice__chunks_exact_mut
core::slice::chunks_mut: status=ok r0_z3=unsat dir=verification/evidence/slice_feedback_determinism/all-20260811T1008Z-flattened-mut-source-backed/core__slice__chunks_mut
core::slice::clone_from_slice: status=ok r0_z3=unknown dir=verification/evidence/slice_feedback_determinism/all-20260811T1008Z-flattened-mut-source-backed/core__slice__clone_from_slice
core::slice::contains: status=ok r0_z3=unsat dir=verification/evidence/slice_feedback_determinism/all-20260811T1008Z-flattened-mut-source-backed/core__slice__contains
core::slice::element_offset: status=ok r0_z3=unknown dir=verification/evidence/slice_feedback_determinism/all-20260811T1008Z-flattened-mut-source-backed/core__slice__element_offset
core::slice::ends_with: status=ok r0_z3=unsat dir=verification/evidence/slice_feedback_determinism/all-20260811T1008Z-flattened-mut-source-backed/core__slice__ends_with
core::slice::eq_ignore_ascii_case: status=ok r0_z3=unsat dir=verification/evidence/slice_feedback_determinism/all-20260811T1008Z-flattened-mut-source-backed/core__slice__eq_ignore_ascii_case
core::slice::escape_ascii: status=ok r0_z3=unsat dir=verification/evidence/slice_feedback_determinism/all-20260811T1008Z-flattened-mut-source-backed/core__slice__escape_ascii
core::slice::fill: status=ok r0_z3=unknown dir=verification/evidence/slice_feedback_determinism/all-20260811T1008Z-flattened-mut-source-backed/core__slice__fill
core::slice::fill_with: status=ok r0_z3=unsat dir=verification/evidence/slice_feedback_determinism/all-20260811T1008Z-flattened-mut-source-backed/core__slice__fill_with
core::slice::first_chunk: status=ok r0_z3=unsat dir=verification/evidence/slice_feedback_determinism/all-20260811T1008Z-flattened-mut-source-backed/core__slice__first_chunk
core::slice::first_chunk_mut: status=ok r0_z3=unknown dir=verification/evidence/slice_feedback_determinism/all-20260811T1008Z-flattened-mut-source-backed/core__slice__first_chunk_mut
core::slice::from_mut: status=ok r0_z3=unknown dir=verification/evidence/slice_feedback_determinism/all-20260811T1008Z-flattened-mut-source-backed/core__slice__from_mut
core::slice::from_raw_parts: status=ok r0_z3=unknown dir=verification/evidence/slice_feedback_determinism/all-20260811T1008Z-flattened-mut-source-backed/core__slice__from_raw_parts
core::slice::from_raw_parts_mut: status=ok r0_z3=unknown dir=verification/evidence/slice_feedback_determinism/all-20260811T1008Z-flattened-mut-source-backed/core__slice__from_raw_parts_mut
core::slice::from_ref: status=ok r0_z3=unsat dir=verification/evidence/slice_feedback_determinism/all-20260811T1008Z-flattened-mut-source-backed/core__slice__from_ref
core::slice::get_disjoint_mut: status=ok r0_z3=unknown dir=verification/evidence/slice_feedback_determinism/all-20260811T1008Z-flattened-mut-source-backed/core__slice__get_disjoint_mut
core::slice::get_disjoint_unchecked_mut: status=ok r0_z3=unknown dir=verification/evidence/slice_feedback_determinism/all-20260811T1008Z-flattened-mut-source-backed/core__slice__get_disjoint_unchecked_mut
core::slice::get_mut: status=ok r0_z3=unknown dir=verification/evidence/slice_feedback_determinism/all-20260811T1008Z-flattened-mut-source-backed/core__slice__get_mut
core::slice::get_unchecked: status=ok r0_z3=unknown dir=verification/evidence/slice_feedback_determinism/all-20260811T1008Z-flattened-mut-source-backed/core__slice__get_unchecked
core::slice::get_unchecked_mut: status=ok r0_z3=unknown dir=verification/evidence/slice_feedback_determinism/all-20260811T1008Z-flattened-mut-source-backed/core__slice__get_unchecked_mut
core::slice::is_ascii: status=ok r0_z3=unsat dir=verification/evidence/slice_feedback_determinism/all-20260811T1008Z-flattened-mut-source-backed/core__slice__is_ascii
core::slice::is_sorted: status=ok r0_z3=unsat dir=verification/evidence/slice_feedback_determinism/all-20260811T1008Z-flattened-mut-source-backed/core__slice__is_sorted
core::slice::is_sorted_by: status=ok r0_z3=unsat dir=verification/evidence/slice_feedback_determinism/all-20260811T1008Z-flattened-mut-source-backed/core__slice__is_sorted_by
core::slice::is_sorted_by_key: status=ok r0_z3=unsat dir=verification/evidence/slice_feedback_determinism/all-20260811T1008Z-flattened-mut-source-backed/core__slice__is_sorted_by_key
core::slice::iter_mut: status=ok r0_z3=unsat dir=verification/evidence/slice_feedback_determinism/all-20260811T1008Z-flattened-mut-source-backed/core__slice__iter_mut
core::slice::last_chunk: status=ok r0_z3=unsat dir=verification/evidence/slice_feedback_determinism/all-20260811T1008Z-flattened-mut-source-backed/core__slice__last_chunk
core::slice::last_chunk_mut: status=ok r0_z3=unknown dir=verification/evidence/slice_feedback_determinism/all-20260811T1008Z-flattened-mut-source-backed/core__slice__last_chunk_mut
core::slice::make_ascii_lowercase: status=ok r0_z3=unsat dir=verification/evidence/slice_feedback_determinism/all-20260811T1008Z-flattened-mut-source-backed/core__slice__make_ascii_lowercase
core::slice::make_ascii_uppercase: status=ok r0_z3=unsat dir=verification/evidence/slice_feedback_determinism/all-20260811T1008Z-flattened-mut-source-backed/core__slice__make_ascii_uppercase
core::slice::partition_point: status=ok r0_z3=unknown dir=verification/evidence/slice_feedback_determinism/all-20260811T1008Z-flattened-mut-source-backed/core__slice__partition_point
core::slice::rchunks: status=ok r0_z3=unsat dir=verification/evidence/slice_feedback_determinism/all-20260811T1008Z-flattened-mut-source-backed/core__slice__rchunks
core::slice::rchunks_exact: status=ok r0_z3=unsat dir=verification/evidence/slice_feedback_determinism/all-20260811T1008Z-flattened-mut-source-backed/core__slice__rchunks_exact
core::slice::rchunks_exact_mut: status=ok r0_z3=unsat dir=verification/evidence/slice_feedback_determinism/all-20260811T1008Z-flattened-mut-source-backed/core__slice__rchunks_exact_mut
core::slice::rchunks_mut: status=ok r0_z3=unsat dir=verification/evidence/slice_feedback_determinism/all-20260811T1008Z-flattened-mut-source-backed/core__slice__rchunks_mut
core::slice::reverse: status=ok r0_z3=unsat dir=verification/evidence/slice_feedback_determinism/all-20260811T1008Z-flattened-mut-source-backed/core__slice__reverse
core::slice::rotate_left: status=ok r0_z3=unsat dir=verification/evidence/slice_feedback_determinism/all-20260811T1008Z-flattened-mut-source-backed/core__slice__rotate_left
core::slice::rotate_right: status=ok r0_z3=unsat dir=verification/evidence/slice_feedback_determinism/all-20260811T1008Z-flattened-mut-source-backed/core__slice__rotate_right
core::slice::rsplit: status=ok r0_z3=unknown dir=verification/evidence/slice_feedback_determinism/all-20260811T1008Z-flattened-mut-source-backed/core__slice__rsplit
core::slice::rsplit_mut: status=ok r0_z3=unknown dir=verification/evidence/slice_feedback_determinism/all-20260811T1008Z-flattened-mut-source-backed/core__slice__rsplit_mut
core::slice::rsplitn: status=ok r0_z3=unknown dir=verification/evidence/slice_feedback_determinism/all-20260811T1008Z-flattened-mut-source-backed/core__slice__rsplitn
core::slice::rsplitn_mut: status=ok r0_z3=unknown dir=verification/evidence/slice_feedback_determinism/all-20260811T1008Z-flattened-mut-source-backed/core__slice__rsplitn_mut
core::slice::select_nth_unstable: status=ok r0_z3=unknown dir=verification/evidence/slice_feedback_determinism/all-20260811T1008Z-flattened-mut-source-backed/core__slice__select_nth_unstable
core::slice::select_nth_unstable_by: status=ok r0_z3=unknown dir=verification/evidence/slice_feedback_determinism/all-20260811T1008Z-flattened-mut-source-backed/core__slice__select_nth_unstable_by
core::slice::select_nth_unstable_by_key: status=ok r0_z3=unknown dir=verification/evidence/slice_feedback_determinism/all-20260811T1008Z-flattened-mut-source-backed/core__slice__select_nth_unstable_by_key
core::slice::sort_unstable: status=ok r0_z3=unknown dir=verification/evidence/slice_feedback_determinism/all-20260811T1008Z-flattened-mut-source-backed/core__slice__sort_unstable
core::slice::sort_unstable_by: status=ok r0_z3=unknown dir=verification/evidence/slice_feedback_determinism/all-20260811T1008Z-flattened-mut-source-backed/core__slice__sort_unstable_by
core::slice::sort_unstable_by_key: status=ok r0_z3=unknown dir=verification/evidence/slice_feedback_determinism/all-20260811T1008Z-flattened-mut-source-backed/core__slice__sort_unstable_by_key
core::slice::split: status=ok r0_z3=unknown dir=verification/evidence/slice_feedback_determinism/all-20260811T1008Z-flattened-mut-source-backed/core__slice__split
core::slice::split_at_checked: status=ok r0_z3=unsat dir=verification/evidence/slice_feedback_determinism/all-20260811T1008Z-flattened-mut-source-backed/core__slice__split_at_checked
core::slice::split_at_mut_checked: status=ok r0_z3=unknown dir=verification/evidence/slice_feedback_determinism/all-20260811T1008Z-flattened-mut-source-backed/core__slice__split_at_mut_checked
core::slice::split_at_mut_unchecked: status=ok r0_z3=unknown dir=verification/evidence/slice_feedback_determinism/all-20260811T1008Z-flattened-mut-source-backed/core__slice__split_at_mut_unchecked
core::slice::split_at_unchecked: status=ok r0_z3=unsat dir=verification/evidence/slice_feedback_determinism/all-20260811T1008Z-flattened-mut-source-backed/core__slice__split_at_unchecked
core::slice::split_first: status=ok r0_z3=unsat dir=verification/evidence/slice_feedback_determinism/all-20260811T1008Z-flattened-mut-source-backed/core__slice__split_first
core::slice::split_first_chunk: status=ok r0_z3=unsat dir=verification/evidence/slice_feedback_determinism/all-20260811T1008Z-flattened-mut-source-backed/core__slice__split_first_chunk
core::slice::split_first_chunk_mut: status=ok r0_z3=unknown dir=verification/evidence/slice_feedback_determinism/all-20260811T1008Z-flattened-mut-source-backed/core__slice__split_first_chunk_mut
core::slice::split_first_mut: status=ok r0_z3=unknown dir=verification/evidence/slice_feedback_determinism/all-20260811T1008Z-flattened-mut-source-backed/core__slice__split_first_mut
core::slice::split_inclusive: status=ok r0_z3=unknown dir=verification/evidence/slice_feedback_determinism/all-20260811T1008Z-flattened-mut-source-backed/core__slice__split_inclusive
core::slice::split_inclusive_mut: status=ok r0_z3=unknown dir=verification/evidence/slice_feedback_determinism/all-20260811T1008Z-flattened-mut-source-backed/core__slice__split_inclusive_mut
core::slice::split_last: status=ok r0_z3=unsat dir=verification/evidence/slice_feedback_determinism/all-20260811T1008Z-flattened-mut-source-backed/core__slice__split_last
core::slice::split_last_chunk: status=ok r0_z3=unsat dir=verification/evidence/slice_feedback_determinism/all-20260811T1008Z-flattened-mut-source-backed/core__slice__split_last_chunk
core::slice::split_last_chunk_mut: status=ok r0_z3=unknown dir=verification/evidence/slice_feedback_determinism/all-20260811T1008Z-flattened-mut-source-backed/core__slice__split_last_chunk_mut
core::slice::split_last_mut: status=ok r0_z3=unknown dir=verification/evidence/slice_feedback_determinism/all-20260811T1008Z-flattened-mut-source-backed/core__slice__split_last_mut
core::slice::split_mut: status=ok r0_z3=unknown dir=verification/evidence/slice_feedback_determinism/all-20260811T1008Z-flattened-mut-source-backed/core__slice__split_mut
core::slice::split_off: status=ok r0_z3=unknown dir=verification/evidence/slice_feedback_determinism/all-20260811T1008Z-flattened-mut-source-backed/core__slice__split_off
core::slice::split_off_first: status=ok r0_z3=unsat dir=verification/evidence/slice_feedback_determinism/all-20260811T1008Z-flattened-mut-source-backed/core__slice__split_off_first
core::slice::split_off_first_mut: status=ok r0_z3=unknown dir=verification/evidence/slice_feedback_determinism/all-20260811T1008Z-flattened-mut-source-backed/core__slice__split_off_first_mut
core::slice::split_off_last: status=ok r0_z3=unsat dir=verification/evidence/slice_feedback_determinism/all-20260811T1008Z-flattened-mut-source-backed/core__slice__split_off_last
core::slice::split_off_last_mut: status=ok r0_z3=unknown dir=verification/evidence/slice_feedback_determinism/all-20260811T1008Z-flattened-mut-source-backed/core__slice__split_off_last_mut
core::slice::split_off_mut: status=ok r0_z3=unknown dir=verification/evidence/slice_feedback_determinism/all-20260811T1008Z-flattened-mut-source-backed/core__slice__split_off_mut
core::slice::splitn: status=ok r0_z3=unknown dir=verification/evidence/slice_feedback_determinism/all-20260811T1008Z-flattened-mut-source-backed/core__slice__splitn
core::slice::splitn_mut: status=ok r0_z3=unknown dir=verification/evidence/slice_feedback_determinism/all-20260811T1008Z-flattened-mut-source-backed/core__slice__splitn_mut
core::slice::starts_with: status=ok r0_z3=unsat dir=verification/evidence/slice_feedback_determinism/all-20260811T1008Z-flattened-mut-source-backed/core__slice__starts_with
core::slice::strip_circumfix: status=ok r0_z3=unsat dir=verification/evidence/slice_feedback_determinism/all-20260811T1008Z-flattened-mut-source-backed/core__slice__strip_circumfix
core::slice::strip_prefix: status=ok r0_z3=unsat dir=verification/evidence/slice_feedback_determinism/all-20260811T1008Z-flattened-mut-source-backed/core__slice__strip_prefix
core::slice::strip_suffix: status=ok r0_z3=unsat dir=verification/evidence/slice_feedback_determinism/all-20260811T1008Z-flattened-mut-source-backed/core__slice__strip_suffix
core::slice::subslice_range: status=ok r0_z3=unknown dir=verification/evidence/slice_feedback_determinism/all-20260811T1008Z-flattened-mut-source-backed/core__slice__subslice_range
core::slice::swap: status=ok r0_z3=unsat dir=verification/evidence/slice_feedback_determinism/all-20260811T1008Z-flattened-mut-source-backed/core__slice__swap
core::slice::swap_with_slice: status=ok r0_z3=unsat dir=verification/evidence/slice_feedback_determinism/all-20260811T1008Z-flattened-mut-source-backed/core__slice__swap_with_slice
core::slice::trim_ascii: status=ok r0_z3=unsat dir=verification/evidence/slice_feedback_determinism/all-20260811T1008Z-flattened-mut-source-backed/core__slice__trim_ascii
core::slice::trim_ascii_end: status=ok r0_z3=unsat dir=verification/evidence/slice_feedback_determinism/all-20260811T1008Z-flattened-mut-source-backed/core__slice__trim_ascii_end
core::slice::trim_ascii_start: status=ok r0_z3=unsat dir=verification/evidence/slice_feedback_determinism/all-20260811T1008Z-flattened-mut-source-backed/core__slice__trim_ascii_start
core::slice::utf8_chunks: status=ok r0_z3=unknown dir=verification/evidence/slice_feedback_determinism/all-20260811T1008Z-flattened-mut-source-backed/core__slice__utf8_chunks
core::slice::windows: status=ok r0_z3=unsat dir=verification/evidence/slice_feedback_determinism/all-20260811T1008Z-flattened-mut-source-backed/core__slice__windows
core::slice::write_clone_of_slice: status=ok r0_z3=unknown dir=verification/evidence/slice_feedback_determinism/all-20260811T1008Z-flattened-mut-source-backed/core__slice__write_clone_of_slice
core::slice::write_copy_of_slice: status=ok r0_z3=unknown dir=verification/evidence/slice_feedback_determinism/all-20260811T1008Z-flattened-mut-source-backed/core__slice__write_copy_of_slice
