parse errors in /home/chentianyu/nanvix-rust-std-spec-survey/verus/source/vstd/arithmetic/div_mod.rs — registry may be incomplete
parse errors in /home/chentianyu/nanvix-rust-std-spec-survey/verus/source/vstd/arithmetic/logarithm.rs — registry may be incomplete
parse errors in /home/chentianyu/nanvix-rust-std-spec-survey/verus/source/vstd/arithmetic/power.rs — registry may be incomplete
parse errors in /home/chentianyu/nanvix-rust-std-spec-survey/verus/source/vstd/array.rs — registry may be incomplete
parse errors in /home/chentianyu/nanvix-rust-std-spec-survey/verus/source/vstd/atomic.rs — registry may be incomplete
parse errors in /home/chentianyu/nanvix-rust-std-spec-survey/verus/source/vstd/cell.rs — registry may be incomplete
parse errors in /home/chentianyu/nanvix-rust-std-spec-survey/verus/source/vstd/contrib/exec_spec/map.rs — registry may be incomplete
parse errors in /home/chentianyu/nanvix-rust-std-spec-survey/verus/source/vstd/contrib/exec_spec/multiset.rs — registry may be incomplete
parse errors in /home/chentianyu/nanvix-rust-std-spec-survey/verus/source/vstd/contrib/exec_spec/set.rs — registry may be incomplete
parse errors in /home/chentianyu/nanvix-rust-std-spec-survey/verus/source/vstd/endian.rs — registry may be incomplete
parse errors in /home/chentianyu/nanvix-rust-std-spec-survey/verus/source/vstd/float.rs — registry may be incomplete
parse errors in /home/chentianyu/nanvix-rust-std-spec-survey/verus/source/vstd/function.rs — registry may be incomplete
parse errors in /home/chentianyu/nanvix-rust-std-spec-survey/verus/source/vstd/future.rs — registry may be incomplete
parse errors in /home/chentianyu/nanvix-rust-std-spec-survey/verus/source/vstd/hash_map.rs — registry may be incomplete
parse errors in /home/chentianyu/nanvix-rust-std-spec-survey/verus/source/vstd/hash_set.rs — registry may be incomplete
parse errors in /home/chentianyu/nanvix-rust-std-spec-survey/verus/source/vstd/imap_lib.rs — registry may be incomplete
parse errors in /home/chentianyu/nanvix-rust-std-spec-survey/verus/source/vstd/invariant.rs — registry may be incomplete
parse errors in /home/chentianyu/nanvix-rust-std-spec-survey/verus/source/vstd/iset.rs — registry may be incomplete
parse errors in /home/chentianyu/nanvix-rust-std-spec-survey/verus/source/vstd/iset_lib.rs — registry may be incomplete
parse errors in /home/chentianyu/nanvix-rust-std-spec-survey/verus/source/vstd/layout.rs — registry may be incomplete
parse errors in /home/chentianyu/nanvix-rust-std-spec-survey/verus/source/vstd/logatom.rs — registry may be incomplete
parse errors in /home/chentianyu/nanvix-rust-std-spec-survey/verus/source/vstd/map_lib.rs — registry may be incomplete
parse errors in /home/chentianyu/nanvix-rust-std-spec-survey/verus/source/vstd/modes.rs — registry may be incomplete
parse errors in /home/chentianyu/nanvix-rust-std-spec-survey/verus/source/vstd/multiset.rs — registry may be incomplete
parse errors in /home/chentianyu/nanvix-rust-std-spec-survey/verus/source/vstd/pervasive.rs — registry may be incomplete
parse errors in /home/chentianyu/nanvix-rust-std-spec-survey/verus/source/vstd/proph.rs — registry may be incomplete
parse errors in /home/chentianyu/nanvix-rust-std-spec-survey/verus/source/vstd/raw_ptr.rs — registry may be incomplete
parse errors in /home/chentianyu/nanvix-rust-std-spec-survey/verus/source/vstd/resource/combinators/frac.rs — registry may be incomplete
parse errors in /home/chentianyu/nanvix-rust-std-spec-survey/verus/source/vstd/resource/impls/frac_opt.rs — registry may be incomplete
parse errors in /home/chentianyu/nanvix-rust-std-spec-survey/verus/source/vstd/resource/impls/imap.rs — registry may be incomplete
parse errors in /home/chentianyu/nanvix-rust-std-spec-survey/verus/source/vstd/resource/impls/map.rs — registry may be incomplete
parse errors in /home/chentianyu/nanvix-rust-std-spec-survey/verus/source/vstd/resource/pcm.rs — registry may be incomplete
parse errors in /home/chentianyu/nanvix-rust-std-spec-survey/verus/source/vstd/resource/storage_protocol.rs — registry may be incomplete
parse errors in /home/chentianyu/nanvix-rust-std-spec-survey/verus/source/vstd/seq.rs — registry may be incomplete
parse errors in /home/chentianyu/nanvix-rust-std-spec-survey/verus/source/vstd/seq_lib.rs — registry may be incomplete
parse errors in /home/chentianyu/nanvix-rust-std-spec-survey/verus/source/vstd/set.rs — registry may be incomplete
parse errors in /home/chentianyu/nanvix-rust-std-spec-survey/verus/source/vstd/set_lib.rs — registry may be incomplete
parse errors in /home/chentianyu/nanvix-rust-std-spec-survey/verus/source/vstd/simple_pptr.rs — registry may be incomplete
parse errors in /home/chentianyu/nanvix-rust-std-spec-survey/verus/source/vstd/slice.rs — registry may be incomplete
parse errors in /home/chentianyu/nanvix-rust-std-spec-survey/verus/source/vstd/state_machine_internal.rs — registry may be incomplete
parse errors in /home/chentianyu/nanvix-rust-std-spec-survey/verus/source/vstd/std_specs/btree.rs — registry may be incomplete
parse errors in /home/chentianyu/nanvix-rust-std-spec-survey/verus/source/vstd/std_specs/capacity.rs — registry may be incomplete
parse errors in /home/chentianyu/nanvix-rust-std-spec-survey/verus/source/vstd/std_specs/collections_extra.rs — registry may be incomplete
parse errors in /home/chentianyu/nanvix-rust-std-spec-survey/verus/source/vstd/std_specs/duration.rs — registry may be incomplete
parse errors in /home/chentianyu/nanvix-rust-std-spec-survey/verus/source/vstd/std_specs/ffi.rs — registry may be incomplete
parse errors in /home/chentianyu/nanvix-rust-std-spec-survey/verus/source/vstd/std_specs/hash.rs — registry may be incomplete
parse errors in /home/chentianyu/nanvix-rust-std-spec-survey/verus/source/vstd/std_specs/layout_value.rs — registry may be incomplete
parse errors in /home/chentianyu/nanvix-rust-std-spec-survey/verus/source/vstd/std_specs/location.rs — registry may be incomplete
parse errors in /home/chentianyu/nanvix-rust-std-spec-survey/verus/source/vstd/std_specs/manually_drop.rs — registry may be incomplete
parse errors in /home/chentianyu/nanvix-rust-std-spec-survey/verus/source/vstd/std_specs/net.rs — registry may be incomplete
parse errors in /home/chentianyu/nanvix-rust-std-spec-survey/verus/source/vstd/std_specs/nonzero.rs — registry may be incomplete
parse errors in /home/chentianyu/nanvix-rust-std-spec-survey/verus/source/vstd/std_specs/ops.rs — registry may be incomplete
parse errors in /home/chentianyu/nanvix-rust-std-spec-survey/verus/source/vstd/std_specs/option.rs — registry may be incomplete
parse errors in /home/chentianyu/nanvix-rust-std-spec-survey/verus/source/vstd/std_specs/range.rs — registry may be incomplete
parse errors in /home/chentianyu/nanvix-rust-std-spec-survey/verus/source/vstd/std_specs/result.rs — registry may be incomplete
parse errors in /home/chentianyu/nanvix-rust-std-spec-survey/verus/source/vstd/std_specs/vecdeque.rs — registry may be incomplete
parse errors in /home/chentianyu/nanvix-rust-std-spec-survey/verus/source/vstd/string.rs — registry may be incomplete
parse errors in /home/chentianyu/nanvix-rust-std-spec-survey/verus/source/vstd/thread.rs — registry may be incomplete
parse errors in /home/chentianyu/nanvix-rust-std-spec-survey/verus/source/vstd/view.rs — registry may be incomplete
parse errors in /home/chentianyu/nanvix-rust-std-spec-survey/verus/source/vstd/vstd.rs — registry may be incomplete
No narrow strategy for TypeKind.UNKNOWN:*mut T (var=r1); witness will be partial for this dimension.
No narrow strategy for TypeKind.UNKNOWN:*mut T (var=r2); witness will be partial for this dimension.
No narrow strategy for TypeKind.UNKNOWN:*const T (var=r1); witness will be partial for this dimension.
No narrow strategy for TypeKind.UNKNOWN:*const T (var=r2); witness will be partial for this dimension.
No narrow strategy for TypeKind.UNKNOWN:T (var=post2_vec@[0]); witness will be partial for this dimension.
No narrow strategy for TypeKind.UNKNOWN:F (var=same_bucket); witness will be partial for this dimension.
No narrow strategy for TypeKind.UNKNOWN:T (var=post2_vec@[0]); witness will be partial for this dimension.
No narrow strategy for TypeKind.UNKNOWN:F (var=key); witness will be partial for this dimension.
No narrow strategy for TypeKind.UNKNOWN:T (var=post2_vec@[0]); witness will be partial for this dimension.
No narrow strategy for TypeKind.UNKNOWN:R (var=range); witness will be partial for this dimension.
No narrow strategy for TypeKind.UNKNOWN:Drain<'_, T, A> (var=r1); witness will be partial for this dimension.
No narrow strategy for TypeKind.UNKNOWN:Drain<'_, T, A> (var=r2); witness will be partial for this dimension.
No narrow strategy for TypeKind.UNKNOWN:T (var=pre_vec@[0]); witness will be partial for this dimension.
No narrow strategy for TypeKind.UNKNOWN:R (var=src); witness will be partial for this dimension.
No narrow strategy for TypeKind.UNKNOWN:T (var=post1_vec@[0]); witness will be partial for this dimension.
No narrow strategy for TypeKind.UNKNOWN:T (var=post2_vec@[0]); witness will be partial for this dimension.
No narrow strategy for TypeKind.UNKNOWN:R (var=range); witness will be partial for this dimension.
No narrow strategy for TypeKind.UNKNOWN:F (var=filter); witness will be partial for this dimension.
No narrow strategy for TypeKind.UNKNOWN:ExtractIf<'_, T, F, A> (var=r1); witness will be partial for this dimension.
No narrow strategy for TypeKind.UNKNOWN:ExtractIf<'_, T, F, A> (var=r2); witness will be partial for this dimension.
No narrow strategy for TypeKind.UNKNOWN:alloc::boxed::Box<[T], A> (var=r1); witness will be partial for this dimension.
No narrow strategy for TypeKind.UNKNOWN:alloc::boxed::Box<[T], A> (var=r2); witness will be partial for this dimension.
No narrow strategy for TypeKind.UNKNOWN:P (var=predicate); witness will be partial for this dimension.
No narrow strategy for TypeKind.UNKNOWN:T (var=r1->Some_0); witness will be partial for this dimension.
No narrow strategy for TypeKind.UNKNOWN:T (var=r2->Some_0); witness will be partial for this dimension.
No narrow strategy for TypeKind.UNKNOWN:F (var=f); witness will be partial for this dimension.
No narrow strategy for TypeKind.UNKNOWN:T (var=post2_vec@[0]); witness will be partial for this dimension.
No narrow strategy for TypeKind.UNKNOWN:F (var=f); witness will be partial for this dimension.
No narrow strategy for TypeKind.UNKNOWN:T (var=post2_vec@[0]); witness will be partial for this dimension.
No narrow strategy for TypeKind.UNKNOWN:F (var=f); witness will be partial for this dimension.
No narrow strategy for TypeKind.UNKNOWN:T (var=post2_vec@[0]); witness will be partial for this dimension.
No narrow strategy for TypeKind.UNKNOWN:T (var=post1_vec@[0]); witness will be partial for this dimension.
No narrow strategy for TypeKind.UNKNOWN:T (var=post2_vec@[0]); witness will be partial for this dimension.
