alloc::vec::Drain::as_slice: status=ok r0_z3=unsat dir=verification/evidence/vec_feedback_determinism/all-20260811T1447Z-module-first/alloc__vec__Drain__as_slice
alloc::vec::IntoIter::as_mut_slice: status=unsupported_mut_ref_return r0_z3=None dir=verification/evidence/vec_feedback_determinism/all-20260811T1447Z-module-first/alloc__vec__IntoIter__as_mut_slice
alloc::vec::IntoIter::as_slice: status=ok r0_z3=unsat dir=verification/evidence/vec_feedback_determinism/all-20260811T1447Z-module-first/alloc__vec__IntoIter__as_slice
alloc::vec::Vec::as_mut_ptr: status=ok r0_z3=unknown dir=verification/evidence/vec_feedback_determinism/all-20260811T1447Z-module-first/alloc__vec__Vec__as_mut_ptr
alloc::vec::Vec::as_ptr: status=ok r0_z3=unknown dir=verification/evidence/vec_feedback_determinism/all-20260811T1447Z-module-first/alloc__vec__Vec__as_ptr
alloc::vec::Vec::dedup: status=ok r0_z3=unknown dir=verification/evidence/vec_feedback_determinism/all-20260811T1447Z-module-first/alloc__vec__Vec__dedup
alloc::vec::Vec::dedup_by: status=ok r0_z3=unknown dir=verification/evidence/vec_feedback_determinism/all-20260811T1447Z-module-first/alloc__vec__Vec__dedup_by
alloc::vec::Vec::dedup_by_key: status=ok r0_z3=unknown dir=verification/evidence/vec_feedback_determinism/all-20260811T1447Z-module-first/alloc__vec__Vec__dedup_by_key
alloc::vec::Vec::drain: status=ok r0_z3=unknown dir=verification/evidence/vec_feedback_determinism/all-20260811T1447Z-module-first/alloc__vec__Vec__drain
alloc::vec::Vec::extend_from_within: status=ok r0_z3=unknown dir=verification/evidence/vec_feedback_determinism/all-20260811T1447Z-module-first/alloc__vec__Vec__extend_from_within
alloc::vec::Vec::extract_if: status=ok r0_z3=unknown dir=verification/evidence/vec_feedback_determinism/all-20260811T1447Z-module-first/alloc__vec__Vec__extract_if
alloc::vec::Vec::from_raw_parts: status=verus_error r0_z3=None dir=verification/evidence/vec_feedback_determinism/all-20260811T1447Z-module-first/alloc__vec__Vec__from_raw_parts
alloc::vec::Vec::insert_mut: status=unsupported_mut_ref_return r0_z3=None dir=verification/evidence/vec_feedback_determinism/all-20260811T1447Z-module-first/alloc__vec__Vec__insert_mut
alloc::vec::Vec::into_boxed_slice: status=ok r0_z3=unknown dir=verification/evidence/vec_feedback_determinism/all-20260811T1447Z-module-first/alloc__vec__Vec__into_boxed_slice
alloc::vec::Vec::into_flattened: status=ok r0_z3=unsat dir=verification/evidence/vec_feedback_determinism/all-20260811T1447Z-module-first/alloc__vec__Vec__into_flattened
alloc::vec::Vec::into_raw_parts: status=ok r0_z3=unsat dir=verification/evidence/vec_feedback_determinism/all-20260811T1447Z-module-first/alloc__vec__Vec__into_raw_parts
alloc::vec::Vec::leak: status=unsupported_mut_ref_return r0_z3=None dir=verification/evidence/vec_feedback_determinism/all-20260811T1447Z-module-first/alloc__vec__Vec__leak
alloc::vec::Vec::pop_if: status=ok r0_z3=unknown dir=verification/evidence/vec_feedback_determinism/all-20260811T1447Z-module-first/alloc__vec__Vec__pop_if
alloc::vec::Vec::push_mut: status=unsupported_mut_ref_return r0_z3=None dir=verification/evidence/vec_feedback_determinism/all-20260811T1447Z-module-first/alloc__vec__Vec__push_mut
alloc::vec::Vec::resize_with: status=ok r0_z3=unknown dir=verification/evidence/vec_feedback_determinism/all-20260811T1447Z-module-first/alloc__vec__Vec__resize_with
alloc::vec::Vec::retain: status=ok r0_z3=unknown dir=verification/evidence/vec_feedback_determinism/all-20260811T1447Z-module-first/alloc__vec__Vec__retain
alloc::vec::Vec::retain_mut: status=ok r0_z3=unknown dir=verification/evidence/vec_feedback_determinism/all-20260811T1447Z-module-first/alloc__vec__Vec__retain_mut
alloc::vec::Vec::set_len: status=ok r0_z3=unknown dir=verification/evidence/vec_feedback_determinism/all-20260811T1447Z-module-first/alloc__vec__Vec__set_len
alloc::vec::Vec::spare_capacity_mut: status=unsupported_mut_ref_return r0_z3=None dir=verification/evidence/vec_feedback_determinism/all-20260811T1447Z-module-first/alloc__vec__Vec__spare_capacity_mut
